03:04:32 **** Incremental Build of configuration Debug for project Multiplication_project_lab4 ****
make pre-build main-build 
a9-linaro-pre-build-step
 
make: Nothing to be done for 'main-build'.
03:04:40 **** Auto Build of configuration Debug for project Multiplication_project_lab4 ****
make pre-build main-build 
a9-linaro-pre-build-step
 
Building file: ../src/helloworld.c
Invoking: ARM v7 gcc compiler
arm-none-eabi-gcc -Wall -O0 -g3 -c -fmessage-length=0 -MT"src/helloworld.o" -mcpu=cortex-a9 -mfpu=vfpv3 -mfloat-abi=hard -I../../Multiplication_project_lab4_bsp/ps7_cortexa9_0/include -MMD -MP -MF"src/helloworld.d" -MT"src/helloworld.o" -o "src/helloworld.o" "../src/helloworld.c"
../src/helloworld.c: In function 'main':
../src/helloworld.c:65:20: warning: implicit declaration of function 'Xil_In32' [-Wimplicit-function-declaration]
      mult_out[i] = Xil_In32(XPAR_MY_MULTIPLIERIP_0_S00_AXI_BASEADDR+4*i);
                    ^
Finished building: ../src/helloworld.c
 
Building target: Multiplication_project_lab4.elf
Invoking: ARM v7 gcc linker
arm-none-eabi-gcc -mcpu=cortex-a9 -mfpu=vfpv3 -mfloat-abi=hard -Wl,-build-id=none -specs=Xilinx.spec -Wl,-T -Wl,../src/lscript.ld -L../../Multiplication_project_lab4_bsp/ps7_cortexa9_0/lib -o "Multiplication_project_lab4.elf"  ./src/helloworld.o ./src/platform.o   -Wl,--start-group,-lxil,-lgcc,-lc,--end-group
./src/helloworld.o: In function `main':
/home/trakaros/tou_nikou/lab4_custom/lab4_custom.sdk/Multiplication_project_lab4/Debug/../src/helloworld.c:65: undefined reference to `Xil_In32'
collect2: error: ld returned 1 exit status
makefile:39: recipe for target 'Multiplication_project_lab4.elf' failed
make: *** [Multiplication_project_lab4.elf] Error 1
03:04:42 **** Auto Build of configuration Debug for project Multiplication_project_lab4 ****
make pre-build main-build 
a9-linaro-pre-build-step
 
Building file: ../src/helloworld.c
Invoking: ARM v7 gcc compiler
arm-none-eabi-gcc -Wall -O0 -g3 -c -fmessage-length=0 -MT"src/helloworld.o" -mcpu=cortex-a9 -mfpu=vfpv3 -mfloat-abi=hard -I../../Multiplication_project_lab4_bsp/ps7_cortexa9_0/include -MMD -MP -MF"src/helloworld.d" -MT"src/helloworld.o" -o "src/helloworld.o" "../src/helloworld.c"
Finished building: ../src/helloworld.c
 
Building target: Multiplication_project_lab4.elf
Invoking: ARM v7 gcc linker
arm-none-eabi-gcc -mcpu=cortex-a9 -mfpu=vfpv3 -mfloat-abi=hard -Wl,-build-id=none -specs=Xilinx.spec -Wl,-T -Wl,../src/lscript.ld -L../../Multiplication_project_lab4_bsp/ps7_cortexa9_0/lib -o "Multiplication_project_lab4.elf"  ./src/helloworld.o ./src/platform.o   -Wl,--start-group,-lxil,-lgcc,-lc,--end-group
Finished building target: Multiplication_project_lab4.elf
 
Invoking: ARM v7 Print Size
arm-none-eabi-size Multiplication_project_lab4.elf  |tee "Multiplication_project_lab4.elf.size"
   text	   data	    bss	    dec	    hex	filename
  24752	   1148	  22568	  48468	   bd54	Multiplication_project_lab4.elf
Finished building: Multiplication_project_lab4.elf.size
 
03:04:48 **** Auto Build of configuration Debug for project Multiplication_project_lab4 ****
make pre-build main-build 
a9-linaro-pre-build-step
 
Building file: ../src/helloworld.c
Invoking: ARM v7 gcc compiler
arm-none-eabi-gcc -Wall -O0 -g3 -c -fmessage-length=0 -MT"src/helloworld.o" -mcpu=cortex-a9 -mfpu=vfpv3 -mfloat-abi=hard -I../../Multiplication_project_lab4_bsp/ps7_cortexa9_0/include -MMD -MP -MF"src/helloworld.d" -MT"src/helloworld.o" -o "src/helloworld.o" "../src/helloworld.c"
Finished building: ../src/helloworld.c
 
Building target: Multiplication_project_lab4.elf
Invoking: ARM v7 gcc linker
arm-none-eabi-gcc -mcpu=cortex-a9 -mfpu=vfpv3 -mfloat-abi=hard -Wl,-build-id=none -specs=Xilinx.spec -Wl,-T -Wl,../src/lscript.ld -L../../Multiplication_project_lab4_bsp/ps7_cortexa9_0/lib -o "Multiplication_project_lab4.elf"  ./src/helloworld.o ./src/platform.o   -Wl,--start-group,-lxil,-lgcc,-lc,--end-group
Finished building target: Multiplication_project_lab4.elf
 
Invoking: ARM v7 Print Size
arm-none-eabi-size Multiplication_project_lab4.elf  |tee "Multiplication_project_lab4.elf.size"
   text	   data	    bss	    dec	    hex	filename
  24752	   1148	  22568	  48468	   bd54	Multiplication_project_lab4.elf
Finished building: Multiplication_project_lab4.elf.size
 
03:04:57 **** Auto Build of configuration Debug for project Multiplication_project_lab4 ****
make pre-build main-build 
a9-linaro-pre-build-step
 
Building file: ../src/helloworld.c
Invoking: ARM v7 gcc compiler
arm-none-eabi-gcc -Wall -O0 -g3 -c -fmessage-length=0 -MT"src/helloworld.o" -mcpu=cortex-a9 -mfpu=vfpv3 -mfloat-abi=hard -I../../Multiplication_project_lab4_bsp/ps7_cortexa9_0/include -MMD -MP -MF"src/helloworld.d" -MT"src/helloworld.o" -o "src/helloworld.o" "../src/helloworld.c"
Finished building: ../src/helloworld.c
 
Building target: Multiplication_project_lab4.elf
Invoking: ARM v7 gcc linker
arm-none-eabi-gcc -mcpu=cortex-a9 -mfpu=vfpv3 -mfloat-abi=hard -Wl,-build-id=none -specs=Xilinx.spec -Wl,-T -Wl,../src/lscript.ld -L../../Multiplication_project_lab4_bsp/ps7_cortexa9_0/lib -o "Multiplication_project_lab4.elf"  ./src/helloworld.o ./src/platform.o   -Wl,--start-group,-lxil,-lgcc,-lc,--end-group
Finished building target: Multiplication_project_lab4.elf
 
Invoking: ARM v7 Print Size
arm-none-eabi-size Multiplication_project_lab4.elf  |tee "Multiplication_project_lab4.elf.size"
   text	   data	    bss	    dec	    hex	filename
  24752	   1148	  22568	  48468	   bd54	Multiplication_project_lab4.elf
Finished building: Multiplication_project_lab4.elf.size
 
