22:57:21 **** Incremental Build of configuration Debug for project matrix_multiplication_lab_4 ****
make pre-build main-build 
a9-linaro-pre-build-step
 
Building target: matrix_multiplication_lab_4.elf
Invoking: ARM v7 gcc linker
arm-none-eabi-gcc -mcpu=cortex-a9 -mfpu=vfpv3 -mfloat-abi=hard -Wl,-build-id=none -specs=Xilinx.spec -Wl,-T -Wl,../src/lscript.ld -L../../matrix_multiplication_lab_4_bsp/ps7_cortexa9_0/lib -o "matrix_multiplication_lab_4.elf"  ./src/matrix_multiplication_lab_4.o   -Wl,--start-group,-lxil,-lgcc,-lc,--end-group
/opt/Xilinx/SDK/2016.4/gnu/aarch32/lin/gcc-arm-none-eabi/bin/../arm-none-eabi/libc/usr/lib/v7-a/fpv3/hard/libc.a(lib_a-gettimeofdayr.o): In function `_gettimeofday_r':
/proj/esdt_sdk/gnu_abe/ABE/builds/lin/arm/arm-none-eabi/snapshots/newlib.git~linaro_newlib-branch/newlib/libc/reent/gettimeofdayr.c:71: undefined reference to `_gettimeofday'
makefile:39: recipe for target 'matrix_multiplication_lab_4.elf' failed
collect2: error: ld returned 1 exit status
make: *** [matrix_multiplication_lab_4.elf] Error 1
22:58:05 **** Clean-only build of configuration Debug for project matrix_multiplication_lab_4 ****
make clean 
rm -rf  ./src/matrix_multiplication_lab_4.o  ./src/matrix_multiplication_lab_4.d  matrix_multiplication_lab_4.elf.size  matrix_multiplication_lab_4.elf
 

****  of configuration Debug for project matrix_multiplication_lab_4 ****

Nothing to build for project matrix_multiplication_lab_4

****  of configuration Debug for project matrix_multiplication_lab_4 ****

Nothing to build for project matrix_multiplication_lab_4
23:02:16 **** Build of configuration Debug for project matrix_multiplication_lab4 ****
make pre-build main-build 
a9-linaro-pre-build-step
 
Building file: ../src/helloworld.c
Invoking: ARM v7 gcc compiler
arm-none-eabi-gcc -Wall -O0 -g3 -c -fmessage-length=0 -MT"src/helloworld.o" -mcpu=cortex-a9 -mfpu=vfpv3 -mfloat-abi=hard -I../../matrix_multiplication_lab_4_bsp/ps7_cortexa9_0/include -MMD -MP -MF"src/helloworld.d" -MT"src/helloworld.o" -o "src/helloworld.o" "../src/helloworld.c"
Finished building: ../src/helloworld.c
 
Building file: ../src/platform.c
Invoking: ARM v7 gcc compiler
arm-none-eabi-gcc -Wall -O0 -g3 -c -fmessage-length=0 -MT"src/platform.o" -mcpu=cortex-a9 -mfpu=vfpv3 -mfloat-abi=hard -I../../matrix_multiplication_lab_4_bsp/ps7_cortexa9_0/include -MMD -MP -MF"src/platform.d" -MT"src/platform.o" -o "src/platform.o" "../src/platform.c"
Finished building: ../src/platform.c
 
Building target: matrix_multiplication_lab4.elf
Invoking: ARM v7 gcc linker
arm-none-eabi-gcc -mcpu=cortex-a9 -mfpu=vfpv3 -mfloat-abi=hard -Wl,-build-id=none -specs=Xilinx.spec -Wl,-T -Wl,../src/lscript.ld -L../../matrix_multiplication_lab_4_bsp/ps7_cortexa9_0/lib -o "matrix_multiplication_lab4.elf"  ./src/helloworld.o ./src/platform.o   -Wl,--start-group,-lxil,-lgcc,-lc,--end-group
Finished building target: matrix_multiplication_lab4.elf
 
Invoking: ARM v7 Print Size
arm-none-eabi-size matrix_multiplication_lab4.elf  |tee "matrix_multiplication_lab4.elf.size"
   text	   data	    bss	    dec	    hex	filename
  24264	   2748	  22584	  49596	   c1bc	matrix_multiplication_lab4.elf
Finished building: matrix_multiplication_lab4.elf.size
 
23:07:52 **** Auto Build of configuration Debug for project matrix_multiplication_lab4 ****
make pre-build main-build 
a9-linaro-pre-build-step
 
Building file: ../src/helloworld.c
Invoking: ARM v7 gcc compiler
arm-none-eabi-gcc -Wall -O0 -g3 -c -fmessage-length=0 -MT"src/helloworld.o" -mcpu=cortex-a9 -mfpu=vfpv3 -mfloat-abi=hard -I../../matrix_multiplication_lab_4_bsp/ps7_cortexa9_0/include -MMD -MP -MF"src/helloworld.d" -MT"src/helloworld.o" -o "src/helloworld.o" "../src/helloworld.c"
../src/helloworld.c: In function 'main':
../src/helloworld.c:59:10: error: 'i' undeclared (first use in this function)
     for (i = 0; i < N; i++) {
          ^
../src/helloworld.c:59:10: note: each undeclared identifier is reported only once for each function it appears in
../src/helloworld.c:59:21: error: 'N' undeclared (first use in this function)
src/subdir.mk:24: recipe for target 'src/helloworld.o' failed
     for (i = 0; i < N; i++) {
                     ^
../src/helloworld.c:60:12: error: 'j' undeclared (first use in this function)
       for (j = 0; j < N; j++) {
            ^
../src/helloworld.c:61:7: error: 'a' undeclared (first use in this function)
       a[i][j] = 1 + (int)(NUMLIMIT*rand() / (RAND_MAX + 1.0));
       ^
../src/helloworld.c:61:27: error: 'NUMLIMIT' undeclared (first use in this function)
       a[i][j] = 1 + (int)(NUMLIMIT*rand() / (RAND_MAX + 1.0));
                           ^
../src/helloworld.c:61:36: warning: implicit declaration of function 'rand' [-Wimplicit-function-declaration]
       a[i][j] = 1 + (int)(NUMLIMIT*rand() / (RAND_MAX + 1.0));
                                    ^
../src/helloworld.c:61:46: error: 'RAND_MAX' undeclared (first use in this function)
       a[i][j] = 1 + (int)(NUMLIMIT*rand() / (RAND_MAX + 1.0));
                                              ^
../src/helloworld.c:62:7: error: 'b' undeclared (first use in this function)
       b[i][j] = (double)(rand() % RANDLIMIT);
       ^
../src/helloworld.c:62:35: error: 'RANDLIMIT' undeclared (first use in this function)
       b[i][j] = (double)(rand() % RANDLIMIT);
                                   ^
../src/helloworld.c:81:5: error: 'c' undeclared (first use in this function)
     c[i][j] = 0.0;
     ^
../src/helloworld.c:82:10: error: 'k' undeclared (first use in this function)
     for (k = 0; k < N; k++)
          ^
make: *** [src/helloworld.o] Error 1
23:08:09 **** Auto Build of configuration Debug for project matrix_multiplication_lab4 ****
make pre-build main-build 
a9-linaro-pre-build-step
 
Building file: ../src/helloworld.c
Invoking: ARM v7 gcc compiler
arm-none-eabi-gcc -Wall -O0 -g3 -c -fmessage-length=0 -MT"src/helloworld.o" -mcpu=cortex-a9 -mfpu=vfpv3 -mfloat-abi=hard -I../../matrix_multiplication_lab_4_bsp/ps7_cortexa9_0/include -MMD -MP -MF"src/helloworld.d" -MT"src/helloworld.o" -o "src/helloworld.o" "../src/helloworld.c"
../src/helloworld.c: In function 'main':
../src/helloworld.c:59:10: error: 'i' undeclared (first use in this function)
     for (i = 0; i < N; i++) {
          ^
../src/helloworld.c:59:10: note: each undeclared identifier is reported only once for each function it appears in
../src/helloworld.c:59:21: error: 'N' undeclared (first use in this function)
     for (i = 0; i < N; i++) {
                     ^
../src/helloworld.c:60:12: error: 'j' undeclared (first use in this function)
       for (j = 0; j < N; j++) {
            ^
../src/helloworld.c:61:7: error: 'a' undeclared (first use in this function)
       a[i][j] = 1 + (int)(NUMLIMIT*rand() / (RAND_MAX + 1.0));
       ^
../src/helloworld.c:61:27: error: 'NUMLIMIT' undeclared (first use in this function)
src/subdir.mk:24: recipe for target 'src/helloworld.o' failed
       a[i][j] = 1 + (int)(NUMLIMIT*rand() / (RAND_MAX + 1.0));
                           ^
../src/helloworld.c:61:36: warning: implicit declaration of function 'rand' [-Wimplicit-function-declaration]
       a[i][j] = 1 + (int)(NUMLIMIT*rand() / (RAND_MAX + 1.0));
                                    ^
../src/helloworld.c:61:46: error: 'RAND_MAX' undeclared (first use in this function)
       a[i][j] = 1 + (int)(NUMLIMIT*rand() / (RAND_MAX + 1.0));
                                              ^
../src/helloworld.c:62:7: error: 'b' undeclared (first use in this function)
       b[i][j] = (double)(rand() % RANDLIMIT);
       ^
../src/helloworld.c:62:35: error: 'RANDLIMIT' undeclared (first use in this function)
       b[i][j] = (double)(rand() % RANDLIMIT);
                                   ^
../src/helloworld.c:81:5: error: 'c' undeclared (first use in this function)
     c[i][j] = 0.0;
     ^
../src/helloworld.c:82:10: error: 'k' undeclared (first use in this function)
     for (k = 0; k < N; k++)
          ^
make: *** [src/helloworld.o] Error 1
23:09:03 **** Auto Build of configuration Debug for project matrix_multiplication_lab4 ****
make pre-build main-build 
a9-linaro-pre-build-step
 
Building file: ../src/helloworld.c
Invoking: ARM v7 gcc compiler
arm-none-eabi-gcc -Wall -O0 -g3 -c -fmessage-length=0 -MT"src/helloworld.o" -mcpu=cortex-a9 -mfpu=vfpv3 -mfloat-abi=hard -I../../matrix_multiplication_lab_4_bsp/ps7_cortexa9_0/include -MMD -MP -MF"src/helloworld.d" -MT"src/helloworld.o" -o "src/helloworld.o" "../src/helloworld.c"
../src/helloworld.c: In function 'main':
../src/helloworld.c:65:10: error: 'i' undeclared (first use in this function)
     for (i = 0; i < N; i++) {
          ^
../src/helloworld.c:65:10: note: each undeclared identifier is reported only once for each function it appears in
../src/helloworld.c:66:12: error: 'j' undeclared (first use in this function)
       for (j = 0; j < N; j++) {
            ^
../src/helloworld.c:67:36: warning: implicit declaration of function 'rand' [-Wimplicit-function-declaration]
       a[i][j] = 1 + (int)(NUMLIMIT*rand() / (RAND_MAX + 1.0));
                                    ^
../src/helloworld.c:67:46: error: 'RAND_MAX' undeclared (first use in this function)
       a[i][j] = 1 + (int)(NUMLIMIT*rand() / (RAND_MAX + 1.0));
                                              ^
../src/helloworld.c:68:35: error: 'RANDLIMIT' undeclared (first use in this function)
       b[i][j] = (double)(rand() % RANDLIMIT);
                                   ^
../src/helloworld.c:88:10: error: 'k' undeclared (first use in this function)
     for (k = 0; k < N; k++)
          ^
src/subdir.mk:24: recipe for target 'src/helloworld.o' failed
make: *** [src/helloworld.o] Error 1
23:09:55 **** Auto Build of configuration Debug for project matrix_multiplication_lab4 ****
make pre-build main-build 
a9-linaro-pre-build-step
 
Building file: ../src/helloworld.c
Invoking: ARM v7 gcc compiler
arm-none-eabi-gcc -Wall -O0 -g3 -c -fmessage-length=0 -MT"src/helloworld.o" -mcpu=cortex-a9 -mfpu=vfpv3 -mfloat-abi=hard -I../../matrix_multiplication_lab_4_bsp/ps7_cortexa9_0/include -MMD -MP -MF"src/helloworld.d" -MT"src/helloworld.o" -o "src/helloworld.o" "../src/helloworld.c"
../src/helloworld.c: In function 'main':
../src/helloworld.c:69:36: warning: implicit declaration of function 'rand' [-Wimplicit-function-declaration]
       a[i][j] = 1 + (int)(NUMLIMIT*rand() / (RAND_MAX + 1.0));
                                    ^
../src/helloworld.c:69:46: error: 'RAND_MAX' undeclared (first use in this function)
       a[i][j] = 1 + (int)(NUMLIMIT*rand() / (RAND_MAX + 1.0));
                                              ^
../src/helloworld.c:69:46: note: each undeclared identifier is reported only once for each function it appears in
../src/helloworld.c:70:35: error: 'RANDLIMIT' undeclared (first use in this function)
       b[i][j] = (double)(rand() % RANDLIMIT);
                                   ^
src/subdir.mk:24: recipe for target 'src/helloworld.o' failed
make: *** [src/helloworld.o] Error 1
23:10:50 **** Auto Build of configuration Debug for project matrix_multiplication_lab4 ****
make pre-build main-build 
a9-linaro-pre-build-step
 
Building file: ../src/helloworld.c
Invoking: ARM v7 gcc compiler
arm-none-eabi-gcc -Wall -O0 -g3 -c -fmessage-length=0 -MT"src/helloworld.o" -mcpu=cortex-a9 -mfpu=vfpv3 -mfloat-abi=hard -I../../matrix_multiplication_lab_4_bsp/ps7_cortexa9_0/include -MMD -MP -MF"src/helloworld.d" -MT"src/helloworld.o" -o "src/helloworld.o" "../src/helloworld.c"
../src/helloworld.c: In function 'main':
../src/helloworld.c:69:36: warning: implicit declaration of function 'rand' [-Wimplicit-function-declaration]
       a[i][j] = 1 + (int)(NUMLIMIT*rand() / (RAND_MAX + 1.0));
                                    ^
../src/helloworld.c:69:46: error: 'RAND_MAX' undeclared (first use in this function)
       a[i][j] = 1 + (int)(NUMLIMIT*rand() / (RAND_MAX + 1.0));
                                              ^
../src/helloworld.c:69:46: note: each undeclared identifier is reported only once for each function it appears in
src/subdir.mk:24: recipe for target 'src/helloworld.o' failed
make: *** [src/helloworld.o] Error 1
23:12:07 **** Auto Build of configuration Debug for project matrix_multiplication_lab4 ****
make pre-build main-build 
a9-linaro-pre-build-step
 
Building file: ../src/helloworld.c
Invoking: ARM v7 gcc compiler
arm-none-eabi-gcc -Wall -O0 -g3 -c -fmessage-length=0 -MT"src/helloworld.o" -mcpu=cortex-a9 -mfpu=vfpv3 -mfloat-abi=hard -I../../matrix_multiplication_lab_4_bsp/ps7_cortexa9_0/include -MMD -MP -MF"src/helloworld.d" -MT"src/helloworld.o" -o "src/helloworld.o" "../src/helloworld.c"
Finished building: ../src/helloworld.c
 
Building target: matrix_multiplication_lab4.elf
Invoking: ARM v7 gcc linker
arm-none-eabi-gcc -mcpu=cortex-a9 -mfpu=vfpv3 -mfloat-abi=hard -Wl,-build-id=none -specs=Xilinx.spec -Wl,-T -Wl,../src/lscript.ld -L../../matrix_multiplication_lab_4_bsp/ps7_cortexa9_0/lib -o "matrix_multiplication_lab4.elf"  ./src/helloworld.o ./src/platform.o   -Wl,--start-group,-lxil,-lgcc,-lc,--end-group
Finished building target: matrix_multiplication_lab4.elf
 
Invoking: ARM v7 Print Size
arm-none-eabi-size matrix_multiplication_lab4.elf  |tee "matrix_multiplication_lab4.elf.size"
   text	   data	    bss	    dec	    hex	filename
  78020	   4184	  23536	 105740	  19d0c	matrix_multiplication_lab4.elf
Finished building: matrix_multiplication_lab4.elf.size
 
13:01:08 **** Auto Build of project matrix_multiplication_lab_4_bsp ****
make -k all 
Running Make include in ps7_cortexa9_0/libsrc/dmaps_v2_3/src
make -C ps7_cortexa9_0/libsrc/dmaps_v2_3/src -s include  "SHELL=/bin/sh" "COMPILER=arm-none-eabi-gcc" "ARCHIVER=arm-none-eabi-ar" "COMPILER_FLAGS=  -O2 -c" "EXTRA_COMPILER_FLAGS=-mcpu=cortex-a9 -mfpu=vfpv3 -mfloat-abi=hard -nostartfiles -mcpu=cortex-a9 -mfpu=vfpv3 -mfloat-abi=hard -nostartfiles -pg -g"
Running Make include in ps7_cortexa9_0/libsrc/ddrps_v1_0/src
make -C ps7_cortexa9_0/libsrc/ddrps_v1_0/src -s include  "SHELL=/bin/sh" "COMPILER=arm-none-eabi-gcc" "ARCHIVER=arm-none-eabi-ar" "COMPILER_FLAGS=  -O2 -c" "EXTRA_COMPILER_FLAGS=-mcpu=cortex-a9 -mfpu=vfpv3 -mfloat-abi=hard -nostartfiles -mcpu=cortex-a9 -mfpu=vfpv3 -mfloat-abi=hard -nostartfiles -pg -g"
Running Make include in ps7_cortexa9_0/libsrc/standalone_v6_1/src
make -C ps7_cortexa9_0/libsrc/standalone_v6_1/src -s include  "SHELL=/bin/sh" "COMPILER=arm-none-eabi-gcc" "ARCHIVER=arm-none-eabi-ar" "COMPILER_FLAGS=  -O2 -c" "EXTRA_COMPILER_FLAGS=-mcpu=cortex-a9 -mfpu=vfpv3 -mfloat-abi=hard -nostartfiles -mcpu=cortex-a9 -mfpu=vfpv3 -mfloat-abi=hard -nostartfiles -pg -g"
Running Make include in ps7_cortexa9_0/libsrc/cpu_cortexa9_v2_3/src
make -C ps7_cortexa9_0/libsrc/cpu_cortexa9_v2_3/src -s include  "SHELL=/bin/sh" "COMPILER=arm-none-eabi-gcc" "ARCHIVER=arm-none-eabi-ar" "COMPILER_FLAGS=  -O2 -c" "EXTRA_COMPILER_FLAGS=-mcpu=cortex-a9 -mfpu=vfpv3 -mfloat-abi=hard -nostartfiles -mcpu=cortex-a9 -mfpu=vfpv3 -mfloat-abi=hard -nostartfiles -pg -g"
Running Make include in ps7_cortexa9_0/libsrc/graycounter_v1_0/src
make -C ps7_cortexa9_0/libsrc/graycounter_v1_0/src -s include  "SHELL=/bin/sh" "COMPILER=arm-none-eabi-gcc" "ARCHIVER=arm-none-eabi-ar" "COMPILER_FLAGS=  -O2 -c" "EXTRA_COMPILER_FLAGS=-mcpu=cortex-a9 -mfpu=vfpv3 -mfloat-abi=hard -nostartfiles -mcpu=cortex-a9 -mfpu=vfpv3 -mfloat-abi=hard -nostartfiles -pg -g"
Running Make include in ps7_cortexa9_0/libsrc/xadcps_v2_2/src
make -C ps7_cortexa9_0/libsrc/xadcps_v2_2/src -s include  "SHELL=/bin/sh" "COMPILER=arm-none-eabi-gcc" "ARCHIVER=arm-none-eabi-ar" "COMPILER_FLAGS=  -O2 -c" "EXTRA_COMPILER_FLAGS=-mcpu=cortex-a9 -mfpu=vfpv3 -mfloat-abi=hard -nostartfiles -mcpu=cortex-a9 -mfpu=vfpv3 -mfloat-abi=hard -nostartfiles -pg -g"
Running Make include in ps7_cortexa9_0/libsrc/scugic_v3_5/src
make -C ps7_cortexa9_0/libsrc/scugic_v3_5/src -s include  "SHELL=/bin/sh" "COMPILER=arm-none-eabi-gcc" "ARCHIVER=arm-none-eabi-ar" "COMPILER_FLAGS=  -O2 -c" "EXTRA_COMPILER_FLAGS=-mcpu=cortex-a9 -mfpu=vfpv3 -mfloat-abi=hard -nostartfiles -mcpu=cortex-a9 -mfpu=vfpv3 -mfloat-abi=hard -nostartfiles -pg -g"
Running Make include in ps7_cortexa9_0/libsrc/devcfg_v3_4/src
make -C ps7_cortexa9_0/libsrc/devcfg_v3_4/src -s include  "SHELL=/bin/sh" "COMPILER=arm-none-eabi-gcc" "ARCHIVER=arm-none-eabi-ar" "COMPILER_FLAGS=  -O2 -c" "EXTRA_COMPILER_FLAGS=-mcpu=cortex-a9 -mfpu=vfpv3 -mfloat-abi=hard -nostartfiles -mcpu=cortex-a9 -mfpu=vfpv3 -mfloat-abi=hard -nostartfiles -pg -g"
Running Make include in ps7_cortexa9_0/libsrc/gpio_v4_3/src
make -C ps7_cortexa9_0/libsrc/gpio_v4_3/src -s include  "SHELL=/bin/sh" "COMPILER=arm-none-eabi-gcc" "ARCHIVER=arm-none-eabi-ar" "COMPILER_FLAGS=  -O2 -c" "EXTRA_COMPILER_FLAGS=-mcpu=cortex-a9 -mfpu=vfpv3 -mfloat-abi=hard -nostartfiles -mcpu=cortex-a9 -mfpu=vfpv3 -mfloat-abi=hard -nostartfiles -pg -g"
Running Make include in ps7_cortexa9_0/libsrc/scuwdt_v2_1/src
make -C ps7_cortexa9_0/libsrc/scuwdt_v2_1/src -s include  "SHELL=/bin/sh" "COMPILER=arm-none-eabi-gcc" "ARCHIVER=arm-none-eabi-ar" "COMPILER_FLAGS=  -O2 -c" "EXTRA_COMPILER_FLAGS=-mcpu=cortex-a9 -mfpu=vfpv3 -mfloat-abi=hard -nostartfiles -mcpu=cortex-a9 -mfpu=vfpv3 -mfloat-abi=hard -nostartfiles -pg -g"
Running Make include in ps7_cortexa9_0/libsrc/uartps_v3_3/src
make -C ps7_cortexa9_0/libsrc/uartps_v3_3/src -s include  "SHELL=/bin/sh" "COMPILER=arm-none-eabi-gcc" "ARCHIVER=arm-none-eabi-ar" "COMPILER_FLAGS=  -O2 -c" "EXTRA_COMPILER_FLAGS=-mcpu=cortex-a9 -mfpu=vfpv3 -mfloat-abi=hard -nostartfiles -mcpu=cortex-a9 -mfpu=vfpv3 -mfloat-abi=hard -nostartfiles -pg -g"
Running Make include in ps7_cortexa9_0/libsrc/coresightps_dcc_v1_3/src
make -C ps7_cortexa9_0/libsrc/coresightps_dcc_v1_3/src -s include  "SHELL=/bin/sh" "COMPILER=arm-none-eabi-gcc" "ARCHIVER=arm-none-eabi-ar" "COMPILER_FLAGS=  -O2 -c" "EXTRA_COMPILER_FLAGS=-mcpu=cortex-a9 -mfpu=vfpv3 -mfloat-abi=hard -nostartfiles -mcpu=cortex-a9 -mfpu=vfpv3 -mfloat-abi=hard -nostartfiles -pg -g"
Running Make include in ps7_cortexa9_0/libsrc/scutimer_v2_1/src
make -C ps7_cortexa9_0/libsrc/scutimer_v2_1/src -s include  "SHELL=/bin/sh" "COMPILER=arm-none-eabi-gcc" "ARCHIVER=arm-none-eabi-ar" "COMPILER_FLAGS=  -O2 -c" "EXTRA_COMPILER_FLAGS=-mcpu=cortex-a9 -mfpu=vfpv3 -mfloat-abi=hard -nostartfiles -mcpu=cortex-a9 -mfpu=vfpv3 -mfloat-abi=hard -nostartfiles -pg -g"
Running Make libs in ps7_cortexa9_0/libsrc/dmaps_v2_3/src
make -C ps7_cortexa9_0/libsrc/dmaps_v2_3/src -s libs  "SHELL=/bin/sh" "COMPILER=arm-none-eabi-gcc" "ARCHIVER=arm-none-eabi-ar" "COMPILER_FLAGS=  -O2 -c" "EXTRA_COMPILER_FLAGS=-mcpu=cortex-a9 -mfpu=vfpv3 -mfloat-abi=hard -nostartfiles -mcpu=cortex-a9 -mfpu=vfpv3 -mfloat-abi=hard -nostartfiles -pg -g"
Compiling dmaps
arm-none-eabi-ar: creating ../../../lib/libxil.a
Running Make libs in ps7_cortexa9_0/libsrc/ddrps_v1_0/src
make -C ps7_cortexa9_0/libsrc/ddrps_v1_0/src -s libs  "SHELL=/bin/sh" "COMPILER=arm-none-eabi-gcc" "ARCHIVER=arm-none-eabi-ar" "COMPILER_FLAGS=  -O2 -c" "EXTRA_COMPILER_FLAGS=-mcpu=cortex-a9 -mfpu=vfpv3 -mfloat-abi=hard -nostartfiles -mcpu=cortex-a9 -mfpu=vfpv3 -mfloat-abi=hard -nostartfiles -pg -g"
Compiling ddrps
Running Make libs in ps7_cortexa9_0/libsrc/standalone_v6_1/src
make -C ps7_cortexa9_0/libsrc/standalone_v6_1/src -s libs  "SHELL=/bin/sh" "COMPILER=arm-none-eabi-gcc" "ARCHIVER=arm-none-eabi-ar" "COMPILER_FLAGS=  -O2 -c" "EXTRA_COMPILER_FLAGS=-mcpu=cortex-a9 -mfpu=vfpv3 -mfloat-abi=hard -nostartfiles -mcpu=cortex-a9 -mfpu=vfpv3 -mfloat-abi=hard -nostartfiles -pg -g"
Compiling standalone
arm-none-eabi-ar: creating ../../../../lib/libxilprofile.a
Running Make libs in ps7_cortexa9_0/libsrc/cpu_cortexa9_v2_3/src
make -C ps7_cortexa9_0/libsrc/cpu_cortexa9_v2_3/src -s libs  "SHELL=/bin/sh" "COMPILER=arm-none-eabi-gcc" "ARCHIVER=arm-none-eabi-ar" "COMPILER_FLAGS=  -O2 -c" "EXTRA_COMPILER_FLAGS=-mcpu=cortex-a9 -mfpu=vfpv3 -mfloat-abi=hard -nostartfiles -mcpu=cortex-a9 -mfpu=vfpv3 -mfloat-abi=hard -nostartfiles -pg -g"
Compiling cpu_cortexa9
Running Make libs in ps7_cortexa9_0/libsrc/graycounter_v1_0/src
make -C ps7_cortexa9_0/libsrc/graycounter_v1_0/src -s libs  "SHELL=/bin/sh" "COMPILER=arm-none-eabi-gcc" "ARCHIVER=arm-none-eabi-ar" "COMPILER_FLAGS=  -O2 -c" "EXTRA_COMPILER_FLAGS=-mcpu=cortex-a9 -mfpu=vfpv3 -mfloat-abi=hard -nostartfiles -mcpu=cortex-a9 -mfpu=vfpv3 -mfloat-abi=hard -nostartfiles -pg -g"
Compiling graycounter...
Running Make libs in ps7_cortexa9_0/libsrc/xadcps_v2_2/src
make -C ps7_cortexa9_0/libsrc/xadcps_v2_2/src -s libs  "SHELL=/bin/sh" "COMPILER=arm-none-eabi-gcc" "ARCHIVER=arm-none-eabi-ar" "COMPILER_FLAGS=  -O2 -c" "EXTRA_COMPILER_FLAGS=-mcpu=cortex-a9 -mfpu=vfpv3 -mfloat-abi=hard -nostartfiles -mcpu=cortex-a9 -mfpu=vfpv3 -mfloat-abi=hard -nostartfiles -pg -g"
Compiling xadcps
Running Make libs in ps7_cortexa9_0/libsrc/scugic_v3_5/src
make -C ps7_cortexa9_0/libsrc/scugic_v3_5/src -s libs  "SHELL=/bin/sh" "COMPILER=arm-none-eabi-gcc" "ARCHIVER=arm-none-eabi-ar" "COMPILER_FLAGS=  -O2 -c" "EXTRA_COMPILER_FLAGS=-mcpu=cortex-a9 -mfpu=vfpv3 -mfloat-abi=hard -nostartfiles -mcpu=cortex-a9 -mfpu=vfpv3 -mfloat-abi=hard -nostartfiles -pg -g"
Compiling scugic
Running Make libs in ps7_cortexa9_0/libsrc/devcfg_v3_4/src
make -C ps7_cortexa9_0/libsrc/devcfg_v3_4/src -s libs  "SHELL=/bin/sh" "COMPILER=arm-none-eabi-gcc" "ARCHIVER=arm-none-eabi-ar" "COMPILER_FLAGS=  -O2 -c" "EXTRA_COMPILER_FLAGS=-mcpu=cortex-a9 -mfpu=vfpv3 -mfloat-abi=hard -nostartfiles -mcpu=cortex-a9 -mfpu=vfpv3 -mfloat-abi=hard -nostartfiles -pg -g"
Compiling devcfg
Running Make libs in ps7_cortexa9_0/libsrc/gpio_v4_3/src
make -C ps7_cortexa9_0/libsrc/gpio_v4_3/src -s libs  "SHELL=/bin/sh" "COMPILER=arm-none-eabi-gcc" "ARCHIVER=arm-none-eabi-ar" "COMPILER_FLAGS=  -O2 -c" "EXTRA_COMPILER_FLAGS=-mcpu=cortex-a9 -mfpu=vfpv3 -mfloat-abi=hard -nostartfiles -mcpu=cortex-a9 -mfpu=vfpv3 -mfloat-abi=hard -nostartfiles -pg -g"
Compiling gpio
Running Make libs in ps7_cortexa9_0/libsrc/scuwdt_v2_1/src
make -C ps7_cortexa9_0/libsrc/scuwdt_v2_1/src -s libs  "SHELL=/bin/sh" "COMPILER=arm-none-eabi-gcc" "ARCHIVER=arm-none-eabi-ar" "COMPILER_FLAGS=  -O2 -c" "EXTRA_COMPILER_FLAGS=-mcpu=cortex-a9 -mfpu=vfpv3 -mfloat-abi=hard -nostartfiles -mcpu=cortex-a9 -mfpu=vfpv3 -mfloat-abi=hard -nostartfiles -pg -g"
Compiling scuwdt
Running Make libs in ps7_cortexa9_0/libsrc/uartps_v3_3/src
make -C ps7_cortexa9_0/libsrc/uartps_v3_3/src -s libs  "SHELL=/bin/sh" "COMPILER=arm-none-eabi-gcc" "ARCHIVER=arm-none-eabi-ar" "COMPILER_FLAGS=  -O2 -c" "EXTRA_COMPILER_FLAGS=-mcpu=cortex-a9 -mfpu=vfpv3 -mfloat-abi=hard -nostartfiles -mcpu=cortex-a9 -mfpu=vfpv3 -mfloat-abi=hard -nostartfiles -pg -g"
Compiling uartps
Running Make libs in ps7_cortexa9_0/libsrc/coresightps_dcc_v1_3/src
make -C ps7_cortexa9_0/libsrc/coresightps_dcc_v1_3/src -s libs  "SHELL=/bin/sh" "COMPILER=arm-none-eabi-gcc" "ARCHIVER=arm-none-eabi-ar" "COMPILER_FLAGS=  -O2 -c" "EXTRA_COMPILER_FLAGS=-mcpu=cortex-a9 -mfpu=vfpv3 -mfloat-abi=hard -nostartfiles -mcpu=cortex-a9 -mfpu=vfpv3 -mfloat-abi=hard -nostartfiles -pg -g"
Compiling coresightps_dcc
Running Make libs in ps7_cortexa9_0/libsrc/scutimer_v2_1/src
make -C ps7_cortexa9_0/libsrc/scutimer_v2_1/src -s libs  "SHELL=/bin/sh" "COMPILER=arm-none-eabi-gcc" "ARCHIVER=arm-none-eabi-ar" "COMPILER_FLAGS=  -O2 -c" "EXTRA_COMPILER_FLAGS=-mcpu=cortex-a9 -mfpu=vfpv3 -mfloat-abi=hard -nostartfiles -mcpu=cortex-a9 -mfpu=vfpv3 -mfloat-abi=hard -nostartfiles -pg -g"
Compiling scutimer
Finished building libraries
13:01:16 **** Auto Build of configuration Debug for project matrix_multiplication_lab4 ****
make pre-build main-build 
a9-linaro-pre-build-step
 
Building file: ../src/helloworld.c
Invoking: ARM v7 gcc compiler
arm-none-eabi-gcc -Wall -O0 -g3 -c -fmessage-length=0 -MT"src/helloworld.o" -mcpu=cortex-a9 -mfpu=vfpv3 -mfloat-abi=hard -I../../matrix_multiplication_lab_4_bsp/ps7_cortexa9_0/include -MMD -MP -MF"src/helloworld.d" -MT"src/helloworld.o" -o "src/helloworld.o" "../src/helloworld.c"
Finished building: ../src/helloworld.c
 
Building file: ../src/platform.c
Invoking: ARM v7 gcc compiler
arm-none-eabi-gcc -Wall -O0 -g3 -c -fmessage-length=0 -MT"src/platform.o" -mcpu=cortex-a9 -mfpu=vfpv3 -mfloat-abi=hard -I../../matrix_multiplication_lab_4_bsp/ps7_cortexa9_0/include -MMD -MP -MF"src/platform.d" -MT"src/platform.o" -o "src/platform.o" "../src/platform.c"
Finished building: ../src/platform.c
 
Building target: matrix_multiplication_lab4.elf
Invoking: ARM v7 gcc linker
arm-none-eabi-gcc -mcpu=cortex-a9 -mfpu=vfpv3 -mfloat-abi=hard -Wl,-build-id=none -specs=Xilinx.spec -Wl,-T -Wl,../src/lscript.ld -L../../matrix_multiplication_lab_4_bsp/ps7_cortexa9_0/lib -o "matrix_multiplication_lab4.elf"  ./src/helloworld.o ./src/platform.o   -Wl,--start-group,-lxil,-lgcc,-lc,--end-group
Finished building target: matrix_multiplication_lab4.elf
 
Invoking: ARM v7 Print Size
arm-none-eabi-size matrix_multiplication_lab4.elf  |tee "matrix_multiplication_lab4.elf.size"
   text	   data	    bss	    dec	    hex	filename
  78020	   4184	  23536	 105740	  19d0c	matrix_multiplication_lab4.elf
Finished building: matrix_multiplication_lab4.elf.size
 
13:11:34 **** Auto Build of configuration Debug for project matrix_multiplication_lab4 ****
make pre-build main-build 
a9-linaro-pre-build-step
 
Building file: ../src/helloworld.c
Invoking: ARM v7 gcc compiler
arm-none-eabi-gcc -Wall -O0 -g3 -c -fmessage-length=0 -MT"src/helloworld.o" -mcpu=cortex-a9 -mfpu=vfpv3 -mfloat-abi=hard -I../../matrix_multiplication_lab_4_bsp/ps7_cortexa9_0/include -MMD -MP -MF"src/helloworld.d" -MT"src/helloworld.o" -o "src/helloworld.o" "../src/helloworld.c"
Finished building: ../src/helloworld.c
 
Building target: matrix_multiplication_lab4.elf
Invoking: ARM v7 gcc linker
arm-none-eabi-gcc -mcpu=cortex-a9 -mfpu=vfpv3 -mfloat-abi=hard -Wl,-build-id=none -specs=Xilinx.spec -Wl,-T -Wl,../src/lscript.ld -L../../matrix_multiplication_lab_4_bsp/ps7_cortexa9_0/lib -o "matrix_multiplication_lab4.elf"  ./src/helloworld.o ./src/platform.o   -Wl,--start-group,-lxil,-lgcc,-lc,--end-group
Finished building target: matrix_multiplication_lab4.elf
 
Invoking: ARM v7 Print Size
arm-none-eabi-size matrix_multiplication_lab4.elf  |tee "matrix_multiplication_lab4.elf.size"
   text	   data	    bss	    dec	    hex	filename
  78020	   4184	  23536	 105740	  19d0c	matrix_multiplication_lab4.elf
Finished building: matrix_multiplication_lab4.elf.size
 
